---
source: lib/src/lib.rs
expression: root
---
Markup: [Space: Text("\n"), Preserve(1): Text("// typstfmt::off"), Preserve(1): Text("\n"), Preserve(1): Text("#"), Preserve(4): [MaySpaceAfter: Text("["), Preserve(3): [Space: Text("\n"), Preserve(1): Text("// typstfmt::off"), Preserve(1): Text("\n"), Preserve(1): Text("#"), Preserve(3): [MaySpaceAfter: Text("["), Preserve(2): [Space: Text("\n"), Preserve(1): Text("// typstfmt::off"), Preserve(1): Text("\n"), Preserve(1): Text("#"), Preserve(2): [MaySpaceAfter: Text("["), Markup: [Space: Text("\n"), Preserve(1): Text("// typstfmt::off"), Preserve(1): Text("\n"), Preserve(1): Text("text"), Preserve(1): Text("\n")], Preserve(1): Text("]")], Preserve(2): Text("\n")], Preserve(2): Text("]")], Preserve(3): Text("\n")], Preserve(3): Text("]")], Preserve(4): Text("\n"), Preserve(3): Text("// typstfmt::on"), Preserve(3): Text("\n"), Preserve(2): Text("// typstfmt::on"), Preserve(2): Text("\n"), Preserve(1): Text("// typstfmt::on"), Preserve(1): Text("\n"), Preserve(1): Text("text"), Preserve(1): Text("\n"), Comment: Text("// typstfmt::on"), Space: Text("\n"), MaySpaceAfter: Text("text"), Space: Text("\n")]
