---
source: lib/src/tests/params.rs
description: "INPUT\n===\n\"#(\\ntrue// comment\\n)\"\n===\n#(\ntrue// comment\n)\n===\nFORMATTED\n===\n#(true // comment\n)"
expression: formatted
---
"#(true // comment\n)"
