---
source: lib/src/tests/code_block.rs
description: "INPUT\n===\n\"#{\\n```a\\na\\n```\\n}\"\n===\n#{\n```a\na\n```\n}\n===\nFORMATTED\n===\n#{\n  ```a\n  a\n  ```\n}"
expression: formatted
---
"#{\n  ```a\n  a\n  ```\n}"
