---
source: lib/src/tests/params.rs
description: "INPUT\n===\n\"#f(\\ntrue// comment\\n)\"\n===\n#f(\ntrue// comment\n)\n===\nFORMATTED\n===\n#f(true // comment\n)"
expression: formatted
---
"#f(true // comment\n)"
