---
source: lib/src/tests/comments.rs
description: "INPUT\n===\n\"#table(\\n  // Comment\\n  fill: value,\\n  [*Pros*],)\\n\"\n===\n#table(\n  // Comment\n  fill: value,\n  [*Pros*],)\n\n===\nFORMATTED\n===\n#table( // Comment\nfill: value, [*Pros*])[*Pros*]\n"
expression: formatted
---
"#table( // Comment\nfill: value, [*Pros*])[*Pros*]\n"
